table_create Data TABLE_DAT_KEY Int32
[[0,0.0,0.0],true]
table_create_similar DataSimilar Data
[[0,0.0,0.0],true]
dump
table_create Data TABLE_DAT_KEY Int32

table_create DataSimilar TABLE_DAT_KEY Int32
