table_create Terms TABLE_PAT_KEY ShortText   --default_tokenizer "TokenNgram('n', 3)"
[[0,0.0,0.0],true]
table_create_similar TermsSimilar Terms
[[0,0.0,0.0],true]
dump
table_create Terms TABLE_PAT_KEY ShortText --default_tokenizer "TokenNgram(\"n\", 3)"

table_create TermsSimilar TABLE_PAT_KEY ShortText --default_tokenizer "TokenNgram(\"n\", 3)"
