table_create Users TABLE_PAT_KEY|KEY_WITH_SIS ShortText
[[0,0.0,0.0],true]
table_create_similar UsersSimilar Users
[[0,0.0,0.0],true]
dump
table_create Users TABLE_PAT_KEY|KEY_WITH_SIS ShortText

table_create UsersSimilar TABLE_PAT_KEY|KEY_WITH_SIS ShortText
