table_create Data TABLE_NO_KEY --value_type UInt32
[[0,0.0,0.0],true]
table_create_similar DataSimilar Data
[[0,0.0,0.0],true]
dump
table_create Data TABLE_NO_KEY --value_type UInt32

table_create DataSimilar TABLE_NO_KEY --value_type UInt32
