table_create memos TABLE_NO_KEY
[[0,0.0,0.0],true]
column_create memos count COLUMN_SCALAR UInt32
[[0,0.0,0.0],true]
io_flush
[[0,0.0,0.0],true]
load --table memos
[
{"count": 10},
{"count": 20},
{"count": 30}
]
[[0,0.0,0.0],3]
_database_close
[[0,0.0,0.0],true]
_database_reopen
[[0,0.0,0.0],true]
select memos
[
  [
    0,
    0.0,
    0.0
  ],
  [
    [
      [
        3
      ],
      [
        [
          "_id",
          "UInt32"
        ],
        [
          "count",
          "UInt32"
        ]
      ],
      [
        1,
        10
      ],
      [
        2,
        20
      ],
      [
        3,
        30
      ]
    ]
  ]
]
