table_create Sites TABLE_HASH_KEY ShortText
[[0,0.0,0.0],true]
column_create Sites uri COLUMN_SCALAR ShortText
[[0,0.0,0.0],true]
load --table Sites
[
["_key","uri"],
["groonga","http://groonga.org/"]
]
[[0,0.0,0.0],1]
log_level --level dump 
[[0,0.0,0.0],true]
select Sites  --output_columns '_s_nonexistent'
[[0,0.0,0.0],[[[1],[],[]]]]
#|-| [obj][open] <256>(<Sites>):<48>(<table:hash_key>)
#|-| [obj][close] <256>(<Sites>):<48>(<table:hash_key>)
log_level --level notice
[[0,0.0,0.0],true]
