plugin_register sharding
[[0,0.0,0.0],true]
table_create Users TABLE_PAT_KEY ShortText
[[0,0.0,0.0],true]
column_create Users tags COLUMN_VECTOR ShortText
[[0,0.0,0.0],true]
table_create Tags TABLE_PAT_KEY ShortText
[[0,0.0,0.0],true]
column_create Tags users COLUMN_INDEX Users tags
[[0,0.0,0.0],true]
table_create Logs_20150205 TABLE_NO_KEY
[[0,0.0,0.0],true]
column_create Logs_20150205 timestamp COLUMN_SCALAR Time
[[0,0.0,0.0],true]
column_create Logs_20150205 memo COLUMN_SCALAR ShortText
[[0,0.0,0.0],true]
column_create Logs_20150205 user COLUMN_SCALAR Users
[[0,0.0,0.0],true]
table_create Timestamp_20150205 TABLE_PAT_KEY Time
[[0,0.0,0.0],true]
column_create Timestamp_20150205 index COLUMN_INDEX Logs_20150205 timestamp
[[0,0.0,0.0],true]
column_create Users index_20150205 COLUMN_INDEX Logs_20150205 user
[[0,0.0,0.0],true]
load --table Users
[
{"_key": "alice",  "tags": ["student", "programming", "search"]},
{"_key": "bob",    "tags": ["worker", "programming"]},
{"_key": "carlos", "tags": ["programming"]},
{"_key": "david",  "tags": ["search", "worker"]}
]
[[0,0.0,0.0],4]
load --table Logs_20150205
[
{
  "timestamp": "2015-02-05 13:49:00",
       "memo": "2015-02-05 13:49:00",
       "user": "alice"
},
{
  "timestamp": "2015-02-05 13:50:00",
       "memo": "2015-02-05 13:50:00",
       "user": "bob"
},
{
  "timestamp": "2015-02-05 13:51:00",
       "memo": "2015-02-05 13:51:00",
       "user": "carlos"
},
{
  "timestamp": "2015-02-05 13:52:00",
       "memo": "2015-02-05 13:52:00",
       "user": "david"
}
]
[[0,0.0,0.0],4]
log_level --level dump
[[0,0.0,0.0],true]
logical_range_filter Logs timestamp   --limit 2   --filter 'user.tags @ "search"'
[
  [
    0,
    0.0,
    0.0
  ],
  [
    [
      [
        "memo",
        "ShortText"
      ],
      [
        "timestamp",
        "Time"
      ],
      [
        "user",
        "Users"
      ]
    ],
    [
      "2015-02-05 13:49:00",
      1423111740.0,
      "alice"
    ],
    [
      "2015-02-05 13:52:00",
      1423111920.0,
      "david"
    ]
  ]
]
#|-| [obj][open] <267>(<Logs_20150205.timestamp>):<64>(<column:fix_size>)
#|-| [obj][open] <266>(<Logs_20150205>):<51>(<table:no_key>)
#|-| [obj][open] <270>(<Timestamp_20150205>):<49>(<table:pat_key>)
#|-| [obj][open] <271>(<Timestamp_20150205.index>):<72>(<column:index>)
#|-| [obj][open] <269>(<Logs_20150205.user>):<64>(<column:fix_size>)
#|-| [obj][open] <262>(<Users>):<49>(<table:pat_key>)
#|-| [obj][open] <263>(<Users.tags>):<65>(<column:var_size>)
#|-| [obj][close] <262>(<Users>):<49>(<table:pat_key>)
#|-| [obj][open] <262>(<Users>):<49>(<table:pat_key>)
#|-| [obj][open] <272>(<Users.index_20150205>):<72>(<column:index>)
#|-| [obj][open] <264>(<Tags>):<49>(<table:pat_key>)
#|-| [obj][open] <265>(<Tags.users>):<72>(<column:index>)
#|-| [obj][close] <272>(<Users.index_20150205>):<72>(<column:index>)
#|-| [obj][close] <262>(<Users>):<49>(<table:pat_key>)
#|-| [obj][close] <265>(<Tags.users>):<72>(<column:index>)
#|-| [obj][close] <264>(<Tags>):<49>(<table:pat_key>)
#|-| [obj][open] <262>(<Users>):<49>(<table:pat_key>)
#|-| [obj][open] <272>(<Users.index_20150205>):<72>(<column:index>)
#|-| [obj][open] <264>(<Tags>):<49>(<table:pat_key>)
#|-| [obj][open] <265>(<Tags.users>):<72>(<column:index>)
#|-| [obj][close] <272>(<Users.index_20150205>):<72>(<column:index>)
#|-| [obj][close] <262>(<Users>):<49>(<table:pat_key>)
#|-| [obj][close] <265>(<Tags.users>):<72>(<column:index>)
#|-| [obj][close] <264>(<Tags>):<49>(<table:pat_key>)
#|-| [obj][open] <262>(<Users>):<49>(<table:pat_key>)
#|-| [obj][close] <262>(<Users>):<49>(<table:pat_key>)
#|-| [obj][open] <264>(<Tags>):<49>(<table:pat_key>)
#|-| [obj][open] <265>(<Tags.users>):<72>(<column:index>)
#|-| [obj][close] <265>(<Tags.users>):<72>(<column:index>)
#|-| [obj][close] <264>(<Tags>):<49>(<table:pat_key>)
#|-| [obj][close] <269>(<Logs_20150205.user>):<64>(<column:fix_size>)
#|-| [obj][close] <263>(<Users.tags>):<65>(<column:var_size>)
#|d| [logical_range_filter][range-index] <Logs_20150205>: the max number of unmatched records (4) <= the number of estimated records (4)
#|-| [obj][open] <269>(<Logs_20150205.user>):<64>(<column:fix_size>)
#|-| [obj][open] <262>(<Users>):<49>(<table:pat_key>)
#|-| [obj][open] <263>(<Users.tags>):<65>(<column:var_size>)
#|-| [obj][close] <262>(<Users>):<49>(<table:pat_key>)
#|-| [obj][close] <269>(<Logs_20150205.user>):<64>(<column:fix_size>)
#|-| [obj][close] <263>(<Users.tags>):<65>(<column:var_size>)
#|-| [obj][open] <268>(<Logs_20150205.memo>):<65>(<column:var_size>)
#|-| [obj][open] <269>(<Logs_20150205.user>):<64>(<column:fix_size>)
#|-| [obj][open] <262>(<Users>):<49>(<table:pat_key>)
#|-| [obj][close] <262>(<Users>):<49>(<table:pat_key>)
#|-| [obj][close] <268>(<Logs_20150205.memo>):<65>(<column:var_size>)
#|-| [obj][close] <269>(<Logs_20150205.user>):<64>(<column:fix_size>)
#|-| [obj][open] <268>(<Logs_20150205.memo>):<65>(<column:var_size>)
#|-| [obj][open] <269>(<Logs_20150205.user>):<64>(<column:fix_size>)
#|-| [obj][open] <262>(<Users>):<49>(<table:pat_key>)
#|-| [obj][close] <262>(<Users>):<49>(<table:pat_key>)
#|-| [obj][open] <262>(<Users>):<49>(<table:pat_key>)
#|-| [obj][close] <262>(<Users>):<49>(<table:pat_key>)
#|-| [obj][close] <268>(<Logs_20150205.memo>):<65>(<column:var_size>)
#|-| [obj][close] <269>(<Logs_20150205.user>):<64>(<column:fix_size>)
#|-| [obj][close] <271>(<Timestamp_20150205.index>):<72>(<column:index>)
#|-| [obj][close] <270>(<Timestamp_20150205>):<49>(<table:pat_key>)
#|-| [obj][close] <266>(<Logs_20150205>):<51>(<table:no_key>)
#|-| [obj][close] <267>(<Logs_20150205.timestamp>):<64>(<column:fix_size>)
#>logical_range_filter --filter "user.tags @ \"search\"" --limit "2" --logical_table "Logs" --shard_key "timestamp"
#:000000000000000 filter(2)[Logs_20150205]: user.tags @ "search"
#:000000000000000 output(2)
#:000000000000000 send(0)
#<000000000000000 rc=0
log_level --level notice
[[0,0.0,0.0],true]
