table_create Terms TABLE_PAT_KEY ShortText   --normalizer NormalizerNFKC121   --default_tokenizer TokenNgram
[[0,0.0,0.0],true]
table_create Notes TABLE_NO_KEY
[[0,0.0,0.0],true]
column_create Notes title COLUMN_SCALAR Text
[[0,0.0,0.0],true]
column_create Notes title_terms COLUMN_VECTOR Terms title
[[0,0.0,0.0],true]
table_create NotesSimilar TABLE_NO_KEY
[[0,0.0,0.0],true]
column_create NotesSimilar title COLUMN_SCALAR Text
[[0,0.0,0.0],true]
column_create_similar NotesSimilar title_terms Notes.title_terms
[[0,0.0,0.0],true]
dump
table_create Notes TABLE_NO_KEY
column_create Notes title COLUMN_SCALAR Text

table_create NotesSimilar TABLE_NO_KEY
column_create NotesSimilar title COLUMN_SCALAR Text

table_create Terms TABLE_PAT_KEY ShortText --default_tokenizer TokenNgram --normalizer NormalizerNFKC121

column_create Notes title_terms COLUMN_VECTOR Terms title
column_create NotesSimilar title_terms COLUMN_VECTOR Terms title
