plugin_register sharding
[[0,0.0,0.0],true]
table_create Terms TABLE_PAT_KEY ShortText   --default_tokenizer TokenRegexp
[[0,0.0,0.0],true]
table_create Logs_20150205 TABLE_NO_KEY
[[0,0.0,0.0],true]
column_create Logs_20150205 timestamp COLUMN_SCALAR Time
[[0,0.0,0.0],true]
column_create Logs_20150205 memo COLUMN_SCALAR ShortText
[[0,0.0,0.0],true]
column_create Logs_20150205 comment COLUMN_SCALAR Text
[[0,0.0,0.0],true]
table_create Timestamp_20150205 TABLE_PAT_KEY Time
[[0,0.0,0.0],true]
column_create Timestamp_20150205 index COLUMN_INDEX Logs_20150205 timestamp
[[0,0.0,0.0],true]
column_create Terms index_20150205 COLUMN_INDEX|WITH_POSITION|WITH_SECTION   Logs_20150205 memo,comment
[[0,0.0,0.0],true]
load --table Logs_20150205
[
{
  "timestamp": "2015-02-05 13:49:00",
       "memo": "2015-02-05 13:49:00",
    "comment": "abc"
},
{
  "timestamp": "2015-02-05 13:50:00",
       "memo": "2015-02-05 13:50:00",
    "comment": "bca"
},
{
  "timestamp": "2015-02-05 13:51:00",
       "memo": "2015-02-05 13:51:00",
    "comment": "bca"
},
{
  "timestamp": "2015-02-05 13:52:00",
       "memo": "2015-02-05 13:52:00",
    "comment": "cab"
}
]
[[0,0.0,0.0],4]
log_level --level dump
[[0,0.0,0.0],true]
logical_range_filter Logs timestamp   --limit 4   --filter 'comment @~ "\\\\Abc"'
[
  [
    0,
    0.0,
    0.0
  ],
  [
    [
      [
        "comment",
        "Text"
      ],
      [
        "memo",
        "ShortText"
      ],
      [
        "timestamp",
        "Time"
      ]
    ],
    [
      "bca",
      "2015-02-05 13:50:00",
      1423111800.0
    ],
    [
      "bca",
      "2015-02-05 13:51:00",
      1423111860.0
    ]
  ]
]
#|-| [obj][open] <264>(<Logs_20150205.timestamp>):<64>(<column:fix_size>)
#|-| [obj][open] <263>(<Logs_20150205>):<51>(<table:no_key>)
#|-| [obj][open] <267>(<Timestamp_20150205>):<49>(<table:pat_key>)
#|-| [obj][open] <268>(<Timestamp_20150205.index>):<72>(<column:index>)
#|d| [logical_range_filter][select] <Logs_20150205>: the number of required records (4) >= the number of records in shard (4)
#|-| [obj][open] <266>(<Logs_20150205.comment>):<65>(<column:var_size>)
#|-| [obj][open] <262>(<Terms>):<49>(<table:pat_key>)
#|-| [obj][open] <269>(<Terms.index_20150205>):<72>(<column:index>)
#|-| [obj][close] <269>(<Terms.index_20150205>):<72>(<column:index>)
#|-| [obj][close] <262>(<Terms>):<49>(<table:pat_key>)
#|-| [obj][close] <266>(<Logs_20150205.comment>):<65>(<column:var_size>)
#|-| [obj][open] <266>(<Logs_20150205.comment>):<65>(<column:var_size>)
#|-| [obj][open] <265>(<Logs_20150205.memo>):<65>(<column:var_size>)
#|-| [obj][close] <266>(<Logs_20150205.comment>):<65>(<column:var_size>)
#|-| [obj][close] <265>(<Logs_20150205.memo>):<65>(<column:var_size>)
#|-| [obj][open] <266>(<Logs_20150205.comment>):<65>(<column:var_size>)
#|-| [obj][open] <265>(<Logs_20150205.memo>):<65>(<column:var_size>)
#|-| [obj][close] <266>(<Logs_20150205.comment>):<65>(<column:var_size>)
#|-| [obj][close] <265>(<Logs_20150205.memo>):<65>(<column:var_size>)
#|-| [obj][close] <268>(<Timestamp_20150205.index>):<72>(<column:index>)
#|-| [obj][close] <267>(<Timestamp_20150205>):<49>(<table:pat_key>)
#|-| [obj][close] <263>(<Logs_20150205>):<51>(<table:no_key>)
#|-| [obj][close] <264>(<Logs_20150205.timestamp>):<64>(<column:fix_size>)
#>logical_range_filter --filter "comment @~ \"\\\\Abc\"" --limit "4" --logical_table "Logs" --shard_key "timestamp"
#:000000000000000 filter(2): Logs_20150205.comment "\\Abc" regexp
#:000000000000000 sort(2)[Logs_20150205]: timestamp
#:000000000000000 output(2)
#:000000000000000 send(0)
#<000000000000000 rc=0
log_level --level notice
[[0,0.0,0.0],true]
