table_create Users TABLE_PAT_KEY ShortText
[[0,0.0,0.0],true]
column_create Users birthday COLUMN_SCALAR Time
[[0,0.0,0.0],true]
table_create Files TABLE_PAT_KEY ShortText
[[0,0.0,0.0],true]
column_create Files author COLUMN_SCALAR Users
[[0,0.0,0.0],true]
table_create Packages TABLE_PAT_KEY ShortText
[[0,0.0,0.0],true]
column_create Packages files COLUMN_VECTOR Files
[[0,0.0,0.0],true]
column_create Users files_author_index COLUMN_INDEX Files author
[[0,0.0,0.0],true]
column_create Files packages_files_index COLUMN_INDEX Packages files
[[0,0.0,0.0],true]
table_create Birthdays TABLE_PAT_KEY Time
[[0,0.0,0.0],true]
column_create Birthdays users_birthday COLUMN_INDEX Users birthday
[[0,0.0,0.0],true]
load --table Users
[
{"_key": "Alice",  "birthday": "1992-02-09 00:00:00"},
{"_key": "Bob",    "birthday": "1988-01-04 00:00:00"},
{"_key": "Carlos", "birthday": "1982-12-29 00:00:00"}
]
[[0,0.0,0.0],3]
load --table Files
[
{"_key": "include/groonga.h", "author": "Alice"},
{"_key": "src/groonga.c",     "author": "Bob"},
{"_key": "lib/groonga.rb",    "author": "Carlos"},
{"_key": "README.textile",    "author": "Alice"},
{"_key": "ha_mroonga.cc",     "author": "Bob"},
{"_key": "ha_mroonga.hpp",    "author": "Carlos"}
]
[[0,0.0,0.0],6]
load --table Packages
[
{"_key": "groonga", "files": ["include/groonga.h", "src/groonga.c"]},
{"_key": "rroonga", "files": ["lib/groonga.rb", "README.textile"]},
{"_key": "mroonga", "files": ["ha_mroonga.cc", "ha_mroonga.hpp"]}
]
[[0,0.0,0.0],3]
log_level --level dump
[[0,0.0,0.0],true]
select Packages   --filter '_key == "groonga" &&             sub_filter(files.author, "birthday >= \\"1988-01-04 00:00:00\\" && birthday < \\"1992-02-09 00:00:00\\"")'   --output_columns '_key, files, files.author.birthday'
[
  [
    0,
    0.0,
    0.0
  ],
  [
    [
      [
        1
      ],
      [
        [
          "_key",
          "ShortText"
        ],
        [
          "files",
          "Files"
        ],
        [
          "files.author.birthday",
          "Time"
        ]
      ],
      [
        "groonga",
        [
          "include/groonga.h",
          "src/groonga.c"
        ],
        [
          697561200.0,
          568220400.0
        ]
      ]
    ]
  ]
]
#|-| [obj][open] <260>(<Packages>):<49>(<table:pat_key>)
#|-| [obj][open] <261>(<Packages.files>):<65>(<column:var_size>)
#|-| [obj][open] <258>(<Files>):<49>(<table:pat_key>)
#|-| [obj][open] <259>(<Files.author>):<64>(<column:fix_size>)
#|-| [obj][close] <258>(<Files>):<49>(<table:pat_key>)
#|-| [obj][open] <258>(<Files>):<49>(<table:pat_key>)
#|-| [obj][open] <263>(<Files.packages_files_index>):<72>(<column:index>)
#|-| [obj][open] <256>(<Users>):<49>(<table:pat_key>)
#|-| [obj][open] <262>(<Users.files_author_index>):<72>(<column:index>)
#|-| [obj][close] <263>(<Files.packages_files_index>):<72>(<column:index>)
#|-| [obj][close] <258>(<Files>):<49>(<table:pat_key>)
#|-| [obj][close] <262>(<Users.files_author_index>):<72>(<column:index>)
#|-| [obj][close] <256>(<Users>):<49>(<table:pat_key>)
#|i| [object][search][index][table][equal] <Packages>
#|i| [table-selector][select][index][selector][no-index][sub_filter] <Packages>
#|-| [obj][open] <256>(<Users>):<49>(<table:pat_key>)
#|-| [obj][open] <257>(<Users.birthday>):<64>(<column:fix_size>)
#|-| [obj][open] <258>(<Files>):<49>(<table:pat_key>)
#|-| [obj][close] <258>(<Files>):<49>(<table:pat_key>)
#|i| [sub-filter][pre-filter][accessor] files(Packages).author(Files) -> <Users>
#|-| [obj][open] <264>(<Birthdays>):<49>(<table:pat_key>)
#|-| [obj][open] <265>(<Birthdays.users_birthday>):<72>(<column:index>)
#|i| [table-selector][select][index][range] <Birthdays.users_birthday>
#|i| [table-selector][select][index][range] <Birthdays.users_birthday>
#|-| [obj][close] <265>(<Birthdays.users_birthday>):<72>(<column:index>)
#|-| [obj][close] <264>(<Birthdays>):<49>(<table:pat_key>)
#|-| [obj][open] <262>(<Users.files_author_index>):<72>(<column:index>)
#|i| [accessor][resolve][data-column][index] <Users.files_author_index>
#|-| [obj][open] <258>(<Files>):<49>(<table:pat_key>)
#|-| [obj][close] <258>(<Files>):<49>(<table:pat_key>)
#|-| [obj][open] <258>(<Files>):<49>(<table:pat_key>)
#|-| [obj][close] <258>(<Files>):<49>(<table:pat_key>)
#|-| [obj][close] <262>(<Users.files_author_index>):<72>(<column:index>)
#|-| [obj][open] <258>(<Files>):<49>(<table:pat_key>)
#|-| [obj][open] <263>(<Files.packages_files_index>):<72>(<column:index>)
#|i| [accessor][resolve][data-column][index] <Files.packages_files_index>
#|-| [obj][close] <263>(<Files.packages_files_index>):<72>(<column:index>)
#|-| [obj][close] <258>(<Files>):<49>(<table:pat_key>)
#|-| [obj][close] <256>(<Users>):<49>(<table:pat_key>)
#|-| [obj][close] <257>(<Users.birthday>):<64>(<column:fix_size>)
#|-| [obj][open] <258>(<Files>):<49>(<table:pat_key>)
#|-| [obj][close] <258>(<Files>):<49>(<table:pat_key>)
#|-| [obj][open] <258>(<Files>):<49>(<table:pat_key>)
#|-| [obj][close] <258>(<Files>):<49>(<table:pat_key>)
#|-| [obj][open] <256>(<Users>):<49>(<table:pat_key>)
#|-| [obj][open] <257>(<Users.birthday>):<64>(<column:fix_size>)
#|-| [obj][close] <256>(<Users>):<49>(<table:pat_key>)
#|-| [obj][open] <258>(<Files>):<49>(<table:pat_key>)
#|-| [obj][close] <258>(<Files>):<49>(<table:pat_key>)
#|-| [obj][open] <258>(<Files>):<49>(<table:pat_key>)
#|-| [obj][close] <258>(<Files>):<49>(<table:pat_key>)
#|-| [obj][close] <257>(<Users.birthday>):<64>(<column:fix_size>)
#|-| [obj][close] <261>(<Packages.files>):<65>(<column:var_size>)
#|-| [obj][close] <259>(<Files.author>):<64>(<column:fix_size>)
#|-| [obj][close] <260>(<Packages>):<49>(<table:pat_key>)
log_level --level notice
[[0,0.0,0.0],true]
