table_create Data TABLE_PAT_KEY ShortText   --default_tokenizer 'TokenNgram("n", 3)'
[[0,0.0,0.0],true]
dump
table_create Data TABLE_PAT_KEY ShortText --default_tokenizer "TokenNgram(\"n\", 3)"
_database_close
[[0,0.0,0.0],true]
_database_reopen
[[0,0.0,0.0],true]
dump
table_create Data TABLE_PAT_KEY ShortText --default_tokenizer "TokenNgram(\"n\", 3)"
