table_create Data TABLE_PAT_KEY ShortText
[[0,0.0,0.0],true]
column_create Data value COLUMN_SCALAR UInt32
[[0,0.0,0.0],true]
io_flush
[[0,0.0,0.0],true]
column_rename Data value renamed_value
[[0,0.0,0.0],true]
dump
table_create Data TABLE_PAT_KEY ShortText
column_create Data renamed_value COLUMN_SCALAR UInt32
_database_close
[[0,0.0,0.0],true]
_database_reopen
[[0,0.0,0.0],true]
dump
table_create Data TABLE_PAT_KEY ShortText
column_create Data renamed_value COLUMN_SCALAR UInt32
