table_create #recovering#Data TABLE_PAT_KEY ShortText
[[0,0.0,0.0],true]
column_create #recovering#Data content COLUMN_SCALAR ShortText
[[0,0.0,0.0],true]
table_create Data TABLE_PAT_KEY ShortText
[[0,0.0,0.0],true]
column_create Data content COLUMN_SCALAR ShortText
[[0,0.0,0.0],true]
dump
table_create #recovering#Data TABLE_PAT_KEY ShortText
column_create #recovering#Data content COLUMN_SCALAR ShortText

table_create Data TABLE_PAT_KEY ShortText
column_create Data content COLUMN_SCALAR ShortText
_database_close
[[0,0.0,0.0],true]
_database_reopen
[[0,0.0,0.0],true]
#|e| [reader][read-entry][dat][recover][(temporary)] must be map: <positive-integer>(2): path:<db/db>
#|n| [db][wal][recover] rebuild broken DB keys
#|n| [db][wal][recover] succeeded to rebuild broken DB keys
#|n| DDL:256:obj_remove #recovering#Data
#|n| DDL:257:obj_remove #recovering#Data.content
#|n| spec:257:remove:#recovering#Data.content:65(column:var_size)
#|n| spec:256:remove:#recovering#Data:49(table:pat_key)
dump
table_create Data TABLE_PAT_KEY ShortText
column_create Data content COLUMN_SCALAR ShortText
