table_create Data TABLE_DAT_KEY ShortText
[[0,0.0,0.0],true]
io_flush
[[0,0.0,0.0],true]
load --table Data
[
{"_key": "1"}
]
[[0,0.0,0.0],1]
select Data
[[0,0.0,0.0],[[[1],[["_id","UInt32"],["_key","ShortText"]],[1,"1"]]]]
_database_close
[[0,0.0,0.0],true]
_database_reopen
[[0,0.0,0.0],true]
#|e| [reader][read-entry][dat][recover][Data] must be map: <positive-integer>(2): path:<db/db.0000100>
#|n| [db][wal][recover] rebuild broken table: <Data>(256)
#|n| DDL:257:table_create #recovering#Data
#|n| spec:257:update:#recovering#Data:50(table:dat_key):0
#|n| DDL:256:obj_remove Data
#|n| spec:256:remove:Data:50(table:dat_key)
#|n| [db][wal][recover] succeeded to rebuild broken table: <Data>(257)
select Data
[[0,0.0,0.0],[[[1],[["_id","UInt32"],["_key","ShortText"]],[1,"1"]]]]
