plugin_register sharding
[[0,0.0,0.0],true]
table_create UserIDs TABLE_PAT_KEY UInt32
[[0,0.0,0.0],true]
table_create Logs_20150205 TABLE_NO_KEY
[[0,0.0,0.0],true]
column_create Logs_20150205 timestamp COLUMN_SCALAR Time
[[0,0.0,0.0],true]
column_create Logs_20150205 memo COLUMN_SCALAR ShortText
[[0,0.0,0.0],true]
column_create Logs_20150205 user_ids COLUMN_VECTOR UserIDs
[[0,0.0,0.0],true]
table_create Timestamp_20150205 TABLE_PAT_KEY Time
[[0,0.0,0.0],true]
column_create Timestamp_20150205 index COLUMN_INDEX Logs_20150205 timestamp
[[0,0.0,0.0],true]
column_create UserIDs index_20150205 COLUMN_INDEX|WITH_POSITION   Logs_20150205 user_ids
[[0,0.0,0.0],true]
load --table Logs_20150205
[
{
  "timestamp": "2015-02-05 13:49:00",
       "memo": "2015-02-05 13:49:00",
   "user_ids": [1, 3, 5]
},
{
  "timestamp": "2015-02-05 13:50:00",
       "memo": "2015-02-05 13:50:00",
   "user_ids": [2, 4, 6]
},
{
  "timestamp": "2015-02-05 13:51:00",
       "memo": "2015-02-05 13:51:00",
   "user_ids": [2, 8, 14]
},
{
  "timestamp": "2015-02-05 13:52:00",
       "memo": "2015-02-05 13:52:00",
   "user_ids": [3, 5, 7]
}
]
[[0,0.0,0.0],4]
log_level --level dump
[[0,0.0,0.0],true]
logical_range_filter Logs timestamp   --limit 1   --filter 'user_ids[1] < 5'
[
  [
    0,
    0.0,
    0.0
  ],
  [
    [
      [
        "memo",
        "ShortText"
      ],
      [
        "timestamp",
        "Time"
      ],
      [
        "user_ids",
        "UserIDs"
      ]
    ],
    [
      "2015-02-05 13:49:00",
      1423111740.0,
      [
        1,
        3,
        5
      ]
    ]
  ]
]
#|-| [obj][open] <264>(<Logs_20150205.timestamp>):<64>(<column:fix_size>)
#|-| [obj][open] <263>(<Logs_20150205>):<51>(<table:no_key>)
#|-| [obj][open] <267>(<Timestamp_20150205>):<49>(<table:pat_key>)
#|-| [obj][open] <268>(<Timestamp_20150205.index>):<72>(<column:index>)
#|-| [obj][open] <266>(<Logs_20150205.user_ids>):<65>(<column:var_size>)
#|-| [obj][open] <262>(<UserIDs>):<49>(<table:pat_key>)
#|-| [obj][open] <269>(<UserIDs.index_20150205>):<72>(<column:index>)
#|-| [obj][close] <269>(<UserIDs.index_20150205>):<72>(<column:index>)
#|-| [obj][close] <262>(<UserIDs>):<49>(<table:pat_key>)
#|-| [obj][close] <266>(<Logs_20150205.user_ids>):<65>(<column:var_size>)
#|d| [logical_range_filter][range-index] <Logs_20150205>: the max number of unmatched records (4) <= the number of estimated records (11)
#|-| [obj][open] <266>(<Logs_20150205.user_ids>):<65>(<column:var_size>)
#|-| [obj][open] <262>(<UserIDs>):<49>(<table:pat_key>)
#|-| [obj][close] <266>(<Logs_20150205.user_ids>):<65>(<column:var_size>)
#|-| [obj][open] <265>(<Logs_20150205.memo>):<65>(<column:var_size>)
#|-| [obj][open] <266>(<Logs_20150205.user_ids>):<65>(<column:var_size>)
#|-| [obj][close] <265>(<Logs_20150205.memo>):<65>(<column:var_size>)
#|-| [obj][close] <266>(<Logs_20150205.user_ids>):<65>(<column:var_size>)
#|-| [obj][open] <265>(<Logs_20150205.memo>):<65>(<column:var_size>)
#|-| [obj][open] <266>(<Logs_20150205.user_ids>):<65>(<column:var_size>)
#|-| [obj][close] <265>(<Logs_20150205.memo>):<65>(<column:var_size>)
#|-| [obj][close] <266>(<Logs_20150205.user_ids>):<65>(<column:var_size>)
#|-| [obj][close] <268>(<Timestamp_20150205.index>):<72>(<column:index>)
#|-| [obj][close] <267>(<Timestamp_20150205>):<49>(<table:pat_key>)
#|-| [obj][close] <263>(<Logs_20150205>):<51>(<table:no_key>)
#|-| [obj][close] <264>(<Logs_20150205.timestamp>):<64>(<column:fix_size>)
#>logical_range_filter --filter "user_ids[1] < 5" --limit "1" --logical_table "Logs" --shard_key "timestamp"
#:000000000000000 filter(1)[Logs_20150205]: user_ids[1] < 5
#:000000000000000 output(1)
#:000000000000000 send(0)
#<000000000000000 rc=0
log_level --level notice
[[0,0.0,0.0],true]
