table_create Terms TABLE_PAT_KEY ShortText   --normalizer NormalizerNFKC130   --default_tokenizer TokenNgram
[[0,0.0,0.0],true]
table_create Data TABLE_PAT_KEY ShortText
[[0,0.0,0.0],true]
column_create Data content COLUMN_SCALAR ShortText
[[0,0.0,0.0],true]
column_create Terms data_content COLUMN_INDEX|WITH_POSITION Data content
[[0,0.0,0.0],true]
load --table Data
[
{"_key": "abc",    "content": "a and b and c"},
{"_key": "ABC",    "content": "A and B and C"},
{"_key": "abcdef", "content": "a and b and c and d and e and f"}
]
[[0,0.0,0.0],3]
delete --table Data --key ABC
[[0,0.0,0.0],true]
dump
table_create Data TABLE_PAT_KEY ShortText
column_create Data content COLUMN_SCALAR ShortText

table_create Terms TABLE_PAT_KEY ShortText --default_tokenizer TokenNgram --normalizer NormalizerNFKC130

load --table Data
[
["_key","content"],
["abc","a and b and c"],
["abcdef","a and b and c and d and e and f"]
]

column_create Terms data_content COLUMN_INDEX|WITH_POSITION Data content
_database_close
[[0,0.0,0.0],true]
_database_reopen
[[0,0.0,0.0],true]
#|e| [ii][wal][recover][Terms.data_content] not implemented: path:<db/db.0000103>
#|n| [db][wal][recover] rebuild broken column: <Terms.data_content>(259)
#|n| DDL:260:column_create Terms #recovering#data_content
#|n| spec:260:update:Terms.#recovering#data_content:72(column:index):257(Data)
#|n| DDL:260:set_source Terms.#recovering#data_content Data.content
#|n| spec:258:update:Data.content:65(column:var_size):14(ShortText)
#|n| DDL:2147483649:set_normalizers NormalizerNFKC130
#|n| DDL:2147483649:set_normalizers NormalizerNFKC130
#|n| spec:260:update:Terms.#recovering#data_content:72(column:index):257(Data)
#|n| DDL:259:obj_remove Terms.data_content
#|n| spec:258:update:Data.content:65(column:var_size):14(ShortText)
#|n| spec:259:remove:Terms.data_content:72(column:index)
#|n| [db][wal][recover] succeeded to rebuild broken column: <Terms.data_content>(260)
dump
table_create Data TABLE_PAT_KEY ShortText
column_create Data content COLUMN_SCALAR ShortText

table_create Terms TABLE_PAT_KEY ShortText --default_tokenizer TokenNgram --normalizer NormalizerNFKC130

load --table Data
[
["_key","content"],
["abc","a and b and c"],
["abcdef","a and b and c and d and e and f"]
]

column_create Terms data_content COLUMN_INDEX|WITH_POSITION Data content
index_column_diff --table Terms --name data_content
[[0,0.0,0.0],[]]
select Data   --match_columns 'content * 2'   --query d   --output_columns _id,_key,content,_score
[
  [
    0,
    0.0,
    0.0
  ],
  [
    [
      [
        1
      ],
      [
        [
          "_id",
          "UInt32"
        ],
        [
          "_key",
          "ShortText"
        ],
        [
          "content",
          "ShortText"
        ],
        [
          "_score",
          "Int32"
        ]
      ],
      [
        3,
        "abcdef",
        "a and b and c and d and e and f",
        2
      ]
    ]
  ]
]
