load --table Logs_20150203
[
{"timestamp": "2015-02-03 23:59:58", "memo": "2015-02-03 23:59:58", "message": "Start"},
{"timestamp": "2015-02-03 23:59:58", "memo": "2015-02-03 23:59:58", "message": "Shutdown"},
{"timestamp": "2015-02-03 23:59:59", "memo": "2015-02-03 23:59:59", "message": "Start"},
{"timestamp": "2015-02-03 23:59:59", "memo": "2015-02-03 23:59:59", "message": "Shutdown"}
]
[[0,0.0,0.0],4]
load --table Logs_20150204
[
{"timestamp": "2015-02-04 00:00:00", "memo": "2015-02-04 00:00:00", "message": "Start"},
{"timestamp": "2015-02-04 00:00:00", "memo": "2015-02-04 00:00:00", "message": "Shutdown"},
{"timestamp": "2015-02-04 00:00:01", "memo": "2015-02-04 00:00:01", "message": "Start"},
{"timestamp": "2015-02-04 00:00:01", "memo": "2015-02-04 00:00:01", "message": "Shutdown"},
{"timestamp": "2015-02-04 23:59:59", "memo": "2015-02-04 23:59:59", "message": "Start"},
{"timestamp": "2015-02-04 23:59:59", "memo": "2015-02-04 23:59:59", "message": "Shutdown"}
]
[[0,0.0,0.0],6]
load --table Logs_20150205
[
{"timestamp": "2015-02-05 00:00:00", "memo": "2015-02-05 00:00:00", "message": "Start"},
{"timestamp": "2015-02-05 00:00:00", "memo": "2015-02-05 00:00:00", "message": "Shutdown"},
{"timestamp": "2015-02-05 00:00:01", "memo": "2015-02-05 00:00:01", "message": "Start"},
{"timestamp": "2015-02-05 00:00:01", "memo": "2015-02-05 00:00:01", "message": "Shutdown"}
]
[[0,0.0,0.0],4]
log_level --level dump
[[0,0.0,0.0],true]
logical_range_filter Logs timestamp   --filter 'message == "Shutdown"'   --min "2015-02-03 23:59:59"   --min_border "include"   --max "2015-02-05 00:00:00"   --max_border "include"   --limit 4
[
  [
    0,
    0.0,
    0.0
  ],
  [
    [
      [
        "memo",
        "ShortText"
      ],
      [
        "message",
        "Text"
      ],
      [
        "timestamp",
        "Time"
      ]
    ],
    [
      "2015-02-03 23:59:59",
      "Shutdown",
      1422975599.0
    ],
    [
      "2015-02-04 00:00:00",
      "Shutdown",
      1422975600.0
    ],
    [
      "2015-02-04 00:00:01",
      "Shutdown",
      1422975601.0
    ],
    [
      "2015-02-04 23:59:59",
      "Shutdown",
      1423061999.0
    ]
  ]
]
#|-| [obj][open] <264>(<Logs_20150203.timestamp>):<64>(<column:fix_size>)
#|-| [obj][open] <263>(<Logs_20150203>):<51>(<table:no_key>)
#|-| [obj][open] <266>(<Logs_20150203.message>):<65>(<column:var_size>)
#|-| [obj][open] <267>(<Timestamp_20150203>):<49>(<table:pat_key>)
#|-| [obj][open] <268>(<Timestamp_20150203.index>):<72>(<column:index>)
#|-| [obj][open] <262>(<Terms>):<49>(<table:pat_key>)
#|-| [obj][open] <269>(<Terms.index_20150203>):<72>(<column:index>)
#|-| [obj][close] <269>(<Terms.index_20150203>):<72>(<column:index>)
#|-| [obj][close] <262>(<Terms>):<49>(<table:pat_key>)
#|-| [obj][close] <268>(<Timestamp_20150203.index>):<72>(<column:index>)
#|-| [obj][close] <267>(<Timestamp_20150203>):<49>(<table:pat_key>)
#|-| [obj][close] <266>(<Logs_20150203.message>):<65>(<column:var_size>)
#|-| [obj][open] <267>(<Timestamp_20150203>):<49>(<table:pat_key>)
#|-| [obj][open] <268>(<Timestamp_20150203.index>):<72>(<column:index>)
#|-| [obj][open] <266>(<Logs_20150203.message>):<65>(<column:var_size>)
#|-| [obj][close] <266>(<Logs_20150203.message>):<65>(<column:var_size>)
#|-| [obj][open] <265>(<Logs_20150203.memo>):<65>(<column:var_size>)
#|-| [obj][open] <266>(<Logs_20150203.message>):<65>(<column:var_size>)
#|-| [obj][close] <265>(<Logs_20150203.memo>):<65>(<column:var_size>)
#|-| [obj][close] <266>(<Logs_20150203.message>):<65>(<column:var_size>)
#|-| [obj][open] <265>(<Logs_20150203.memo>):<65>(<column:var_size>)
#|-| [obj][open] <266>(<Logs_20150203.message>):<65>(<column:var_size>)
#|-| [obj][close] <265>(<Logs_20150203.memo>):<65>(<column:var_size>)
#|-| [obj][close] <266>(<Logs_20150203.message>):<65>(<column:var_size>)
#|-| [obj][close] <268>(<Timestamp_20150203.index>):<72>(<column:index>)
#|-| [obj][close] <267>(<Timestamp_20150203>):<49>(<table:pat_key>)
#|-| [obj][open] <271>(<Logs_20150204.timestamp>):<64>(<column:fix_size>)
#|-| [obj][open] <270>(<Logs_20150204>):<51>(<table:no_key>)
#|-| [obj][open] <273>(<Logs_20150204.message>):<65>(<column:var_size>)
#|-| [obj][open] <262>(<Terms>):<49>(<table:pat_key>)
#|-| [obj][open] <276>(<Terms.index_20150204>):<72>(<column:index>)
#|-| [obj][close] <276>(<Terms.index_20150204>):<72>(<column:index>)
#|-| [obj][close] <262>(<Terms>):<49>(<table:pat_key>)
#|-| [obj][close] <273>(<Logs_20150204.message>):<65>(<column:var_size>)
#|-| [obj][open] <274>(<Timestamp_20150204>):<49>(<table:pat_key>)
#|-| [obj][open] <275>(<Timestamp_20150204.index>):<72>(<column:index>)
#|-| [obj][open] <273>(<Logs_20150204.message>):<65>(<column:var_size>)
#|-| [obj][close] <273>(<Logs_20150204.message>):<65>(<column:var_size>)
#|-| [obj][open] <272>(<Logs_20150204.memo>):<65>(<column:var_size>)
#|-| [obj][open] <273>(<Logs_20150204.message>):<65>(<column:var_size>)
#|-| [obj][close] <272>(<Logs_20150204.memo>):<65>(<column:var_size>)
#|-| [obj][close] <273>(<Logs_20150204.message>):<65>(<column:var_size>)
#|-| [obj][close] <263>(<Logs_20150203>):<51>(<table:no_key>)
#|-| [obj][close] <264>(<Logs_20150203.timestamp>):<64>(<column:fix_size>)
#|-| [obj][close] <271>(<Logs_20150204.timestamp>):<64>(<column:fix_size>)
#|-| [obj][close] <275>(<Timestamp_20150204.index>):<72>(<column:index>)
#|-| [obj][close] <274>(<Timestamp_20150204>):<49>(<table:pat_key>)
#|-| [obj][close] <270>(<Logs_20150204>):<51>(<table:no_key>)
#>logical_range_filter --filter "message == \"Shutdown\"" --limit "4" --logical_table "Logs" --max "2015-02-05 00:00:00" --max_border "include" --min "2015-02-03 23:59:59" --min_border "include" --shard_key "timestamp"
#:000000000000000 filter(1)[Logs_20150203]: message == "Shutdown"
#:000000000000000 filter(3)[Logs_20150204]: message == "Shutdown"
#:000000000000000 output(4)
#:000000000000000 send(0)
#<000000000000000 rc=0
log_level --level notice
[[0,0.0,0.0],true]
